type octile
height 27
width 137
map
TTTTTTTTTTTTTTTTTTTTTTTTTTTTTTTTTTTTTTTTTTTTTTTTTTTTTTTTTTTTTTTTTTTTTTTTTTTTTTTTTTTTTTTTTTTTTTTTTTTTTTTTTTTTTTTTTTTTTTTTTTTTTTTTTTTTTTTTT
T.......................................................................................................................................T
T.............NNNNNNNNNN.NNNNNNNNNN.NNNNNNNNNN.NNNNNNNNNN.NNNNNNNNNN.NNNNNNNNNN.NNNNNNNNNN.NNNNNNNNNN.NNNNNNNNNN.NNNNNNNNNN.............T
T.............SSSSSSSSSS.SSSSSSSSSS.SSSSSSSSSS.SSSSSSSSSS.SSSSSSSSSS.SSSSSSSSSS.SSSSSSSSSS.SSSSSSSSSS.SSSSSSSSSS.SSSSSSSSSS.............T
T.......................................................................................................................................T
T.............NNNNNNNNNN.NNNNNNNNNN.NNNNNNNNNN.NNNNNNNNNN.NNNNNNNNNN.NNNNNNNNNN.NNNNNNNNNN.NNNNNNNNNN.NNNNNNNNNN.NNNNNNNNNN.............T
T.............SSSSSSSSSS.SSSSSSSSSS.SSSSSSSSSS.SSSSSSSSSS.SSSSSSSSSS.SSSSSSSSSS.SSSSSSSSSS.SSSSSSSSSS.SSSSSSSSSS.SSSSSSSSSS.............T
T.......................................................................................................................................T
T.............NNNNNNNNNN.NNNNNNNNNN.NNNNNNNNNN.NNNNNNNNNN.NNNNNNNNNN.NNNNNNNNNN.NNNNNNNNNN.NNNNNNNNNN.NNNNNNNNNN.NNNNNNNNNN.............T
T.............SSSSSSSSSS.SSSSSSSSSS.SSSSSSSSSS.SSSSSSSSSS.SSSSSSSSSS.SSSSSSSSSS.SSSSSSSSSS.SSSSSSSSSS.SSSSSSSSSS.SSSSSSSSSS.............T
T.......................................................................................................................................T
T.............NNNNNNNNNN.NNNNNNNNNN.NNNNNNNNNN.NNNNNNNNNN.NNNNNNNNNN.NNNNNNNNNN.NNNNNNNNNN.NNNNNNNNNN.NNNNNNNNNN.NNNNNNNNNN.............T
T.............SSSSSSSSSS.SSSSSSSSSS.SSSSSSSSSS.SSSSSSSSSS.SSSSSSSSSS.SSSSSSSSSS.SSSSSSSSSS.SSSSSSSSSS.SSSSSSSSSS.SSSSSSSSSS.............T
T.......................................................................................................................................T
T.............NNNNNNNNNN.NNNNNNNNNN.NNNNNNNNNN.NNNNNNNNNN.NNNNNNNNNN.NNNNNNNNNN.NNNNNNNNNN.NNNNNNNNNN.NNNNNNNNNN.NNNNNNNNNN.............T
T.............SSSSSSSSSS.SSSSSSSSSS.SSSSSSSSSS.SSSSSSSSSS.SSSSSSSSSS.SSSSSSSSSS.SSSSSSSSSS.SSSSSSSSSS.SSSSSSSSSS.SSSSSSSSSS.............T
T.......................................................................................................................................T
T.............NNNNNNNNNN.NNNNNNNNNN.NNNNNNNNNN.NNNNNNNNNN.NNNNNNNNNN.NNNNNNNNNN.NNNNNNNNNN.NNNNNNNNNN.NNNNNNNNNN.NNNNNNNNNN.............T
T.............SSSSSSSSSS.SSSSSSSSSS.SSSSSSSSSS.SSSSSSSSSS.SSSSSSSSSS.SSSSSSSSSS.SSSSSSSSSS.SSSSSSSSSS.SSSSSSSSSS.SSSSSSSSSS.............T
T.......................................................................................................................................T
T.............NNNNNNNNNN.NNNNNNNNNN.NNNNNNNNNN.NNNNNNNNNN.NNNNNNNNNN.NNNNNNNNNN.NNNNNNNNNN.NNNNNNNNNN.NNNNNNNNNN.NNNNNNNNNN.............T
T.............SSSSSSSSSS.SSSSSSSSSS.SSSSSSSSSS.SSSSSSSSSS.SSSSSSSSSS.SSSSSSSSSS.SSSSSSSSSS.SSSSSSSSSS.SSSSSSSSSS.SSSSSSSSSS.............T
T.......................................................................................................................................T
T.............NNNNNNNNNN.NNNNNNNNNN.NNNNNNNNNN.NNNNNNNNNN.NNNNNNNNNN.NNNNNNNNNN.NNNNNNNNNN.NNNNNNNNNN.NNNNNNNNNN.NNNNNNNNNN.............T
T.............SSSSSSSSSS.SSSSSSSSSS.SSSSSSSSSS.SSSSSSSSSS.SSSSSSSSSS.SSSSSSSSSS.SSSSSSSSSS.SSSSSSSSSS.SSSSSSSSSS.SSSSSSSSSS.............T
T.......................................................................................................................................T
TTTTTTTTTTTTTTTTTTTTTTTTTTTTTTTTTTTTTTTTTTTTTTTTTTTTTTTTTTTTTTTTTTTTTTTTTTTTTTTTTTTTTTTTTTTTTTTTTTTTTTTTTTTTTTTTTTTTTTTTTTTTTTTTTTTTTTTTT
